#-----------------------------------------------------------
# Vivado v2020.2 (64-bit)
# SW Build 3064766 on Wed Nov 18 09:12:45 MST 2020
# IP Build 3064653 on Wed Nov 18 14:17:31 MST 2020
# Start of session at: Fri Apr 22 20:00:40 2022
# Process ID: 5752
# Current directory: C:/Users/dodg/Desktop/4.sem/DE1/digital-electronics-1/Project
# Command line: vivado.exe -gui_launcher_event rodinguilauncherevent16560 C:\Users\dodg\Desktop\4.sem\DE1\digital-electronics-1\Project\project_1.xpr
# Log file: C:/Users/dodg/Desktop/4.sem/DE1/digital-electronics-1/Project/vivado.log
# Journal file: C:/Users/dodg/Desktop/4.sem/DE1/digital-electronics-1/Project\vivado.jou
#-----------------------------------------------------------
start_gui
open_project C:/Users/dodg/Desktop/4.sem/DE1/digital-electronics-1/Project/project_1.xpr
update_compile_order -fileset sources_1
launch_simulation
source tb_top.tcl
update_files -from_files C:/Users/dodg/Desktop/4.sem/DE1/digital-electronics-1/Project/tb_top_behav.wcfg -to_files C:/Users/dodg/Desktop/4.sem/DE1/digital-electronics-1/Project/morse_code_decoder/tb_top_behav.wcfg -filesets [get_filesets *]
update_files -from_files C:/Users/dodg/Desktop/4.sem/DE1/digital-electronics-1/Project/project_1.srcs/sources_1/new/shift_register.vhd -to_files C:/Users/dodg/Desktop/4.sem/DE1/digital-electronics-1/Project/morse_code_decoder/morse_code_decoder.srcs/sources_1/new/shift_register.vhd -filesets [get_filesets *]
update_compile_order -fileset sim_1
relaunch_sim
relaunch_sim
close_sim
launch_simulation
open_wave_config C:/Users/dodg/Desktop/4.sem/DE1/digital-electronics-1/Project/tb_top_behav.wcfg
source tb_top.tcl
relaunch_sim
relaunch_sim
save_wave_config {C:/Users/dodg/Desktop/4.sem/DE1/digital-electronics-1/Project/tb_top_behav.wcfg}
close_sim
