#-----------------------------------------------------------
# Vivado v2020.2 (64-bit)
# SW Build 3064766 on Wed Nov 18 09:12:45 MST 2020
# IP Build 3064653 on Wed Nov 18 14:17:31 MST 2020
# Start of session at: Fri Apr 22 15:49:33 2022
# Process ID: 19800
# Current directory: C:/Users/dodg/Desktop/4.sem/DE1/digital-electronics-1/230240/project_1
# Command line: vivado.exe -gui_launcher_event rodinguilauncherevent2700 C:\Users\dodg\Desktop\4.sem\DE1\digital-electronics-1\230240\project_1\project_1.xpr
# Log file: C:/Users/dodg/Desktop/4.sem/DE1/digital-electronics-1/230240/project_1/vivado.log
# Journal file: C:/Users/dodg/Desktop/4.sem/DE1/digital-electronics-1/230240/project_1\vivado.jou
#-----------------------------------------------------------
start_gui
open_project C:/Users/dodg/Desktop/4.sem/DE1/digital-electronics-1/230240/project_1/project_1.xpr
update_compile_order -fileset sources_1
close [ open C:/Users/dodg/Desktop/4.sem/DE1/digital-electronics-1/230240/project_1/project_1.srcs/sources_1/new/hex_7seg.vhd w ]
add_files C:/Users/dodg/Desktop/4.sem/DE1/digital-electronics-1/230240/project_1/project_1.srcs/sources_1/new/hex_7seg.vhd
update_compile_order -fileset sources_1
synth_design -rtl -rtl_skip_mlo -name rtl_1
update_compile_order -fileset sources_1
refresh_design
refresh_design
refresh_design
refresh_design
refresh_design
refresh_design
refresh_design
refresh_design
refresh_design
launch_simulation
open_wave_config C:/Users/dodg/Desktop/4.sem/DE1/digital-electronics-1/230240/Project/morse_code_decoder/tb_top_behav.wcfg
source tb_top.tcl
relaunch_sim
relaunch_sim
save_wave_config {C:/Users/dodg/Desktop/4.sem/DE1/digital-electronics-1/230240/Project/morse_code_decoder/tb_top_behav.wcfg}
close_sim
