#-----------------------------------------------------------
# Vivado v2020.2 (64-bit)
# SW Build 3064766 on Wed Nov 18 09:12:45 MST 2020
# IP Build 3064653 on Wed Nov 18 14:17:31 MST 2020
# Start of session at: Fri Apr 22 20:14:00 2022
# Process ID: 17352
# Current directory: D:/prednasky a cviceni 4/DE1/github/digital-electronics-1/labs/Project/morse_code_decoder
# Command line: vivado.exe -gui_launcher_event rodinguilauncherevent21636 D:\prednasky a cviceni 4\DE1\github\digital-electronics-1\labs\Project\morse_code_decoder\project_1.xpr
# Log file: D:/prednasky a cviceni 4/DE1/github/digital-electronics-1/labs/Project/morse_code_decoder/vivado.log
# Journal file: D:/prednasky a cviceni 4/DE1/github/digital-electronics-1/labs/Project/morse_code_decoder\vivado.jou
#-----------------------------------------------------------
start_gui
open_project {D:/prednasky a cviceni 4/DE1/github/digital-electronics-1/labs/Project/morse_code_decoder/project_1.xpr}
update_compile_order -fileset sources_1
launch_simulation
open_wave_config {D:/prednasky a cviceni 4/DE1/github/digital-electronics-1/labs/Project/morse_code_decoder/tb_top_behav.wcfg}
source tb_top.tcl
close [ open {D:/prednasky a cviceni 4/DE1/github/digital-electronics-1/labs/Project/morse_code_decoder/project_1.srcs/sources_1/new/d_ff_rst_7bit.vhd} w ]
add_files {{D:/prednasky a cviceni 4/DE1/github/digital-electronics-1/labs/Project/morse_code_decoder/project_1.srcs/sources_1/new/d_ff_rst_7bit.vhd}}
close [ open {D:/prednasky a cviceni 4/DE1/github/digital-electronics-1/labs/Project/morse_code_decoder/project_1.srcs/sources_1/new/shift_register_7bit.vhd} w ]
add_files {{D:/prednasky a cviceni 4/DE1/github/digital-electronics-1/labs/Project/morse_code_decoder/project_1.srcs/sources_1/new/shift_register_7bit.vhd}}
update_compile_order -fileset sources_1
update_compile_order -fileset sources_1
update_compile_order -fileset sources_1
update_compile_order -fileset sources_1
update_compile_order -fileset sources_1
update_compile_order -fileset sources_1
relaunch_sim
relaunch_sim
save_wave_config {D:/prednasky a cviceni 4/DE1/github/digital-electronics-1/labs/Project/morse_code_decoder/tb_top_behav.wcfg}
relaunch_sim
relaunch_sim
relaunch_sim
relaunch_sim
relaunch_sim
save_wave_config {D:/prednasky a cviceni 4/DE1/github/digital-electronics-1/labs/Project/morse_code_decoder/tb_top_behav.wcfg}
close_sim
