#-----------------------------------------------------------
# Vivado v2020.2 (64-bit)
# SW Build 3064766 on Wed Nov 18 09:12:45 MST 2020
# IP Build 3064653 on Wed Nov 18 14:17:31 MST 2020
# Start of session at: Sun Apr 17 20:45:49 2022
# Process ID: 18512
# Current directory: D:/prednasky a cviceni 4/DE1/github/digital-electronics-1/labs/Project/morse_code_decoder
# Command line: vivado.exe -gui_launcher_event rodinguilauncherevent19788 D:\prednasky a cviceni 4\DE1\github\digital-electronics-1\labs\Project\morse_code_decoder\morse_code_decoder.xpr
# Log file: D:/prednasky a cviceni 4/DE1/github/digital-electronics-1/labs/Project/morse_code_decoder/vivado.log
# Journal file: D:/prednasky a cviceni 4/DE1/github/digital-electronics-1/labs/Project/morse_code_decoder\vivado.jou
#-----------------------------------------------------------
start_gui
open_project {D:/prednasky a cviceni 4/DE1/github/digital-electronics-1/labs/Project/morse_code_decoder/morse_code_decoder.xpr}
update_compile_order -fileset sources_1
# Disabling source management mode.  This is to allow the top design properties to be set without GUI intervention.
set_property source_mgmt_mode None [current_project]
set_property top decoder [current_fileset]
# Re-enabling previously disabled source management mode.
set_property source_mgmt_mode All [current_project]
update_compile_order -fileset sources_1
launch_simulation
launch_simulation
source tb_decoder.tcl
relaunch_sim
close_sim
launch_simulation
source tb_decoder.tcl
close_sim
launch_simulation
source tb_decoder.tcl
close_sim
launch_simulation
source tb_decoder.tcl
close_sim
launch_simulation
source tb_decoder.tcl
close_sim
launch_simulation
source tb_decoder.tcl
close_sim
launch_simulation
source tb_decoder.tcl
close_sim
launch_simulation
source tb_decoder.tcl
relaunch_sim
relaunch_sim
close_sim
launch_simulation
source tb_decoder.tcl
relaunch_sim
add_bp {D:/prednasky a cviceni 4/DE1/github/digital-electronics-1/labs/Project/morse_code_decoder/morse_code_decoder.srcs/sources_1/new/decoder.vhd} 48
remove_bps -file {D:/prednasky a cviceni 4/DE1/github/digital-electronics-1/labs/Project/morse_code_decoder/morse_code_decoder.srcs/sources_1/new/decoder.vhd} -line 48
add_bp {D:/prednasky a cviceni 4/DE1/github/digital-electronics-1/labs/Project/morse_code_decoder/morse_code_decoder.srcs/sources_1/new/decoder.vhd} 47
remove_bps -file {D:/prednasky a cviceni 4/DE1/github/digital-electronics-1/labs/Project/morse_code_decoder/morse_code_decoder.srcs/sources_1/new/decoder.vhd} -line 47
add_bp {D:/prednasky a cviceni 4/DE1/github/digital-electronics-1/labs/Project/morse_code_decoder/morse_code_decoder.srcs/sources_1/new/decoder.vhd} 47
remove_bps -file {D:/prednasky a cviceni 4/DE1/github/digital-electronics-1/labs/Project/morse_code_decoder/morse_code_decoder.srcs/sources_1/new/decoder.vhd} -line 47
close_sim
launch_simulation
source tb_decoder.tcl
close_sim
launch_simulation
source tb_decoder.tcl
close_sim
launch_simulation
source tb_decoder.tcl
close_sim
launch_simulation
source tb_decoder.tcl
close_sim
launch_simulation
source tb_decoder.tcl
close_sim
update_compile_order -fileset sources_1
update_compile_order -fileset sources_1
launch_simulation
source tb_decoder.tcl
relaunch_sim
relaunch_sim
relaunch_sim
relaunch_sim
relaunch_sim
relaunch_sim
relaunch_sim
close_sim
launch_simulation
source tb_decoder.tcl
relaunch_sim
close_sim
launch_simulation
source tb_decoder.tcl
relaunch_sim
close_sim
launch_simulation
source tb_decoder.tcl
relaunch_sim
close_sim
launch_simulation
source tb_decoder.tcl
relaunch_sim
close_sim
launch_simulation
source tb_decoder.tcl
relaunch_sim
close_sim
launch_simulation
source tb_decoder.tcl
relaunch_sim
close_sim
launch_simulation
source tb_decoder.tcl
relaunch_sim
close_sim
launch_simulation
source tb_decoder.tcl
close_sim
launch_simulation
source tb_decoder.tcl
close_sim
launch_simulation
source tb_decoder.tcl
close_sim
launch_simulation
source tb_decoder.tcl
relaunch_sim
relaunch_sim
close_sim
